
> hire-xo-job-portal@0.0.0 build
> tsc -b && vite build

src/modules/admin/pages/Dashboard.tsx(4,5): error TS6133: 'LineChart' is declared but its value is never read.
src/modules/admin/pages/Dashboard.tsx(5,5): error TS6133: 'Line' is declared but its value is never read.
src/modules/admin/pages/Dashboard.tsx(18,5): error TS6133: 'CreditCard' is declared but its value is never read.
src/modules/admin/pages/Dashboard.tsx(20,5): error TS6133: 'CheckCircle2' is declared but its value is never read.
src/modules/admin/pages/Dashboard.tsx(21,5): error TS6133: 'ExternalLink' is declared but its value is never read.
src/modules/admin/pages/Dashboard.tsx(24,5): error TS6133: 'Layers' is declared but its value is never read.
src/modules/admin/pages/JobSeekerPlans.tsx(2,16): error TS6133: 'CheckCircle2' is declared but its value is never read.
src/modules/admin/pages/JobSeekerPlans.tsx(155,29): error TS2322: Type '{ hidden: { y: number; opacity: number; }; show: { y: number; opacity: number; transition: { type: string; stiffness: number; damping: number; }; }; }' is not assignable to type 'Variants'.
  Property 'show' is incompatible with index signature.
    Type '{ y: number; opacity: number; transition: { type: string; stiffness: number; damping: number; }; }' is not assignable to type 'Variant'.
      Type '{ y: number; opacity: number; transition: { type: string; stiffness: number; damping: number; }; }' is not assignable to type 'TargetAndTransition'.
        Type '{ y: number; opacity: number; transition: { type: string; stiffness: number; damping: number; }; }' is not assignable to type '{ transition?: Transition<any> | undefined; transitionEnd?: ResolvedValues$1 | undefined; }'.
          Types of property 'transition' are incompatible.
            Type '{ type: string; stiffness: number; damping: number; }' is not assignable to type 'Transition<any> | undefined'.
              Type '{ type: string; stiffness: number; damping: number; }' is not assignable to type 'TransitionWithValueOverrides<any>'.
                Type '{ type: string; stiffness: number; damping: number; }' is not assignable to type 'ValueAnimationTransition<any>'.
                  Types of property 'type' are incompatible.
                    Type 'string' is not assignable to type 'AnimationGeneratorType | undefined'.
src/modules/admin/pages/Payments.tsx(6,5): error TS6133: 'CreditCard' is declared but its value is never read.
src/modules/admin/pages/Payments.tsx(12,5): error TS6133: 'ArrowUpRight' is declared but its value is never read.
src/modules/admin/pages/Payments.tsx(13,5): error TS6133: 'DollarSign' is declared but its value is never read.
src/modules/admin/pages/Payments.tsx(16,5): error TS6133: 'ExternalLink' is declared but its value is never read.
src/modules/admin/pages/Payments.tsx(148,37): error TS2322: Type '{ hidden: { x: number; opacity: number; }; show: { x: number; opacity: number; transition: { type: string; stiffness: number; damping: number; }; }; }' is not assignable to type 'Variants'.
  Property 'show' is incompatible with index signature.
    Type '{ x: number; opacity: number; transition: { type: string; stiffness: number; damping: number; }; }' is not assignable to type 'Variant'.
      Type '{ x: number; opacity: number; transition: { type: string; stiffness: number; damping: number; }; }' is not assignable to type 'TargetAndTransition'.
        Type '{ x: number; opacity: number; transition: { type: string; stiffness: number; damping: number; }; }' is not assignable to type '{ transition?: Transition<any> | undefined; transitionEnd?: ResolvedValues$1 | undefined; }'.
          Types of property 'transition' are incompatible.
            Type '{ type: string; stiffness: number; damping: number; }' is not assignable to type 'Transition<any> | undefined'.
              Type '{ type: string; stiffness: number; damping: number; }' is not assignable to type 'TransitionWithValueOverrides<any>'.
                Type '{ type: string; stiffness: number; damping: number; }' is not assignable to type 'ValueAnimationTransition<any>'.
                  Types of property 'type' are incompatible.
                    Type 'string' is not assignable to type 'AnimationGeneratorType | undefined'.
src/modules/admin/pages/Recruiters.tsx(2,52): error TS6133: 'ShieldCheck' is declared but its value is never read.
src/modules/admin/pages/Recruiters.tsx(2,92): error TS6133: 'MoreHorizontal' is declared but its value is never read.
src/modules/admin/pages/Recruiters.tsx(123,29): error TS2322: Type '{ hidden: { y: number; opacity: number; }; show: { y: number; opacity: number; transition: { type: string; stiffness: number; damping: number; }; }; }' is not assignable to type 'Variants'.
  Property 'show' is incompatible with index signature.
    Type '{ y: number; opacity: number; transition: { type: string; stiffness: number; damping: number; }; }' is not assignable to type 'Variant'.
      Type '{ y: number; opacity: number; transition: { type: string; stiffness: number; damping: number; }; }' is not assignable to type 'TargetAndTransition'.
        Type '{ y: number; opacity: number; transition: { type: string; stiffness: number; damping: number; }; }' is not assignable to type '{ transition?: Transition<any> | undefined; transitionEnd?: ResolvedValues$1 | undefined; }'.
          Types of property 'transition' are incompatible.
            Type '{ type: string; stiffness: number; damping: number; }' is not assignable to type 'Transition<any> | undefined'.
              Type '{ type: string; stiffness: number; damping: number; }' is not assignable to type 'TransitionWithValueOverrides<any>'.
                Type '{ type: string; stiffness: number; damping: number; }' is not assignable to type 'ValueAnimationTransition<any>'.
                  Types of property 'type' are incompatible.
                    Type 'string' is not assignable to type 'AnimationGeneratorType | undefined'.
src/modules/admin/pages/Reports.tsx(3,5): error TS6133: 'LineChart' is declared but its value is never read.
src/modules/admin/pages/Reports.tsx(4,5): error TS6133: 'Line' is declared but its value is never read.
src/modules/admin/pages/Reports.tsx(18,5): error TS6133: 'TrendingUp' is declared but its value is never read.
src/modules/admin/pages/Reports.tsx(19,5): error TS6133: 'Users' is declared but its value is never read.
src/modules/admin/pages/Reports.tsx(23,5): error TS6133: 'Filter' is declared but its value is never read.
src/modules/admin/pages/Reports.tsx(150,52): error TS6133: 'entry' is declared but its value is never read.
src/modules/admin/pages/Settings.tsx(9,17): error TS6133: 'SettingsIcon' is declared but its value is never read.
